[ 2026-05-24 01:47:22,194 ] 1025 httpx - INFO - HTTP Request: GET https://dagshub.com/api/v1/user "HTTP/1.1 200 OK"
[ 2026-05-24 01:47:22,203 ] 107 dagshub - INFO - Accessing as nikhileshyy
[ 2026-05-24 01:47:23,730 ] 1025 httpx - INFO - HTTP Request: GET https://dagshub.com/api/v1/repos/nikhileshyy/networksecurity "HTTP/1.1 200 OK"
[ 2026-05-24 01:47:25,169 ] 1025 httpx - INFO - HTTP Request: GET https://dagshub.com/api/v1/user "HTTP/1.1 200 OK"
[ 2026-05-24 01:47:25,171 ] 107 dagshub - INFO - Initialized MLflow to track repo "nikhileshyy/networksecurity"
[ 2026-05-24 01:47:25,172 ] 107 dagshub - INFO - Repository nikhileshyy/networksecurity initialized!
[ 2026-05-24 01:49:45,705 ] 45 root - INFO - Start data Ingestion
[ 2026-05-24 01:49:52,534 ] 65 root - INFO - Performed train test split on the dataframe
[ 2026-05-24 01:49:52,534 ] 67 root - INFO - Exited split_data_as_train_test method of Data_Ingestion class
[ 2026-05-24 01:49:52,535 ] 75 root - INFO - Exporting train and test file path.
[ 2026-05-24 01:49:52,637 ] 84 root - INFO - Exported train and test file path.
[ 2026-05-24 01:49:52,638 ] 48 root - INFO - Data Ingestion completed and artifact: DataIngestionArtifact(trained_file_path='Artifacts\\05_24_2026_01_47_17\\data_ingestion\\ingested\\train.csv', test_file_path='Artifacts\\05_24_2026_01_47_17\\data_ingestion\\ingested\\test.csv')
[ 2026-05-24 01:49:52,708 ] 58 root - INFO - Initiate the data Validation
[ 2026-05-24 01:49:52,834 ] 32 root - INFO - Required number of columns:2
[ 2026-05-24 01:49:52,834 ] 33 root - INFO - Data frame has columns:31
[ 2026-05-24 01:49:52,834 ] 32 root - INFO - Required number of columns:2
[ 2026-05-24 01:49:52,834 ] 33 root - INFO - Data frame has columns:31
[ 2026-05-24 01:49:52,987 ] 63 root - INFO - Entered initiate_data_transformation method of DataTransformation class
[ 2026-05-24 01:49:52,987 ] 65 root - INFO - Starting data transformation
[ 2026-05-24 01:49:53,009 ] 48 root - INFO - Entered get_data_trnasformer_object method of Trnasformation class
[ 2026-05-24 01:49:53,009 ] 53 root - INFO - Initialise KNNImputer with {'missing_values': nan, 'n_neighbors': 3, 'weights': 'uniform'}
[ 2026-05-24 01:49:53,035 ] 46 root - INFO - Entered the save_object method of MainUtils class
[ 2026-05-24 01:49:53,039 ] 50 root - INFO - Exited the save_object method of MainUtils class
[ 2026-05-24 01:49:53,039 ] 46 root - INFO - Entered the save_object method of MainUtils class
[ 2026-05-24 01:49:53,272 ] 50 root - INFO - Exited the save_object method of MainUtils class
[ 2026-05-24 01:56:10,126 ] 46 root - INFO - Entered the save_object method of MainUtils class
[ 2026-05-24 01:56:10,127 ] 50 root - INFO - Exited the save_object method of MainUtils class
[ 2026-05-24 01:56:10,127 ] 46 root - INFO - Entered the save_object method of MainUtils class
[ 2026-05-24 01:56:10,151 ] 50 root - INFO - Exited the save_object method of MainUtils class
[ 2026-05-24 01:56:10,151 ] 156 root - INFO - Model trainer artifact: ModelTrainerArtifact(trained_model_file_path='Artifacts\\05_24_2026_01_47_17\\model_trainer\\trained_model\\model.pkl', train_metric_artifact=ClassificationMetricArtifact(f1_score=0.9912130087869913, precision_score=0.9895140149223633, recall_score=0.9929178470254958), test_metric_artifact=ClassificationMetricArtifact(f1_score=0.9734802121583027, precision_score=0.9652103559870551, recall_score=0.9818930041152263))
